../Core/Src/main.c:81:9:lsm6dso_write	1
../Core/Src/main.c:93:9:lsm6dso_read	1
../Core/Src/main.c:105:9:mag_platform_write	1
../Core/Src/main.c:117:9:mag_platform_read	1
../Core/Src/main.c:130:7:raw_accel_to_mss	1
../Core/Src/main.c:135:7:raw_gyro_to_degreespersecond	1
../Core/Src/main.c:144:5:main	2
../Core/Src/main.c:333:6:SystemClock_Config	4
../Core/Src/main.c:396:13:MX_SPI1_Init	2
../Core/Src/main.c:444:13:MX_SPI2_Init	2
../Core/Src/main.c:492:13:MX_TIM2_Init	9
../Core/Src/main.c:563:13:MX_TIM3_Init	5
../Core/Src/main.c:616:13:MX_USART1_UART_Init	5
../Core/Src/main.c:664:13:MX_GPIO_Init	1
../Core/Src/main.c:700:6:MPU_Config	1
../Core/Src/main.c:731:6:Error_Handler	1
