../Core/Src/main.c:84:9:lsm6dso_write	1
../Core/Src/main.c:96:9:lsm6dso_read	1
../Core/Src/main.c:108:9:mag_platform_write	1
../Core/Src/main.c:120:9:mag_platform_read	1
../Core/Src/main.c:133:7:raw_accel_to_mss	1
../Core/Src/main.c:138:7:raw_gyro_to_degreespersecond	1
../Core/Src/main.c:144:6:HAL_ADC_ConvCpltCallback	1
../Core/Src/main.c:154:5:main	4
../Core/Src/main.c:389:6:SystemClock_Config	4
../Core/Src/main.c:452:13:MX_ADC1_Init	9
../Core/Src/main.c:565:13:MX_SPI1_Init	2
../Core/Src/main.c:613:13:MX_SPI2_Init	2
../Core/Src/main.c:661:13:MX_TIM2_Init	9
../Core/Src/main.c:732:13:MX_TIM3_Init	5
../Core/Src/main.c:785:13:MX_USART1_UART_Init	5
../Core/Src/main.c:831:13:MX_DMA_Init	1
../Core/Src/main.c:849:13:MX_GPIO_Init	1
../Core/Src/main.c:885:6:MPU_Config	1
../Core/Src/main.c:916:6:Error_Handler	1
