../Core/Src/main.c:84:9:lsm6dso_write	24	static
../Core/Src/main.c:96:9:lsm6dso_read	24	static
../Core/Src/main.c:108:9:mag_platform_write	24	static
../Core/Src/main.c:120:9:mag_platform_read	24	static
../Core/Src/main.c:133:7:raw_accel_to_mss	16	static
../Core/Src/main.c:138:7:raw_gyro_to_degreespersecond	16	static
../Core/Src/main.c:146:6:HAL_ADC_ConvCpltCallback	16	static
../Core/Src/main.c:156:6:resetCalibration	56	static
../Core/Src/main.c:172:5:main	560	static
../Core/Src/main.c:413:6:SystemClock_Config	120	static
../Core/Src/main.c:476:13:MX_ADC1_Init	48	static
../Core/Src/main.c:589:13:MX_SPI1_Init	8	static
../Core/Src/main.c:637:13:MX_SPI2_Init	8	static
../Core/Src/main.c:685:13:MX_TIM2_Init	64	static
../Core/Src/main.c:756:13:MX_TIM3_Init	48	static
../Core/Src/main.c:809:13:MX_USART1_UART_Init	8	static
../Core/Src/main.c:855:13:MX_DMA_Init	16	static
../Core/Src/main.c:873:13:MX_GPIO_Init	40	static
../Core/Src/main.c:909:6:MPU_Config	24	static
../Core/Src/main.c:940:6:Error_Handler	4	static,ignoring_inline_asm
