../Core/Src/main.c:84:9:lsm6dso_write	24	static
../Core/Src/main.c:96:9:lsm6dso_read	24	static
../Core/Src/main.c:108:9:mag_platform_write	24	static
../Core/Src/main.c:120:9:mag_platform_read	24	static
../Core/Src/main.c:133:7:raw_accel_to_mss	16	static
../Core/Src/main.c:138:7:raw_gyro_to_degreespersecond	16	static
../Core/Src/main.c:145:6:HAL_ADC_ConvCpltCallback	16	static
../Core/Src/main.c:155:5:main	464	static
../Core/Src/main.c:371:6:SystemClock_Config	120	static
../Core/Src/main.c:434:13:MX_ADC1_Init	48	static
../Core/Src/main.c:511:13:MX_SPI1_Init	8	static
../Core/Src/main.c:559:13:MX_SPI2_Init	8	static
../Core/Src/main.c:607:13:MX_TIM2_Init	64	static
../Core/Src/main.c:678:13:MX_TIM3_Init	48	static
../Core/Src/main.c:731:13:MX_USART1_UART_Init	8	static
../Core/Src/main.c:777:13:MX_DMA_Init	16	static
../Core/Src/main.c:795:13:MX_GPIO_Init	40	static
../Core/Src/main.c:831:6:MPU_Config	24	static
../Core/Src/main.c:862:6:Error_Handler	4	static,ignoring_inline_asm
