../Core/Src/main.c:47:9:lsm6dso_write	24	static
../Core/Src/main.c:59:9:lsm6dso_read	24	static
../Core/Src/main.c:71:9:mag_platform_write	24	static
../Core/Src/main.c:83:9:mag_platform_read	24	static
../Core/Src/main.c:96:7:raw_accel_to_mss	16	static
../Core/Src/main.c:101:7:raw_gyro_to_degreespersecond	16	static
../Core/Src/main.c:107:5:main	504	static
../Core/Src/main.c:266:6:SystemClock_Config	120	static
../Core/Src/main.c:329:13:MX_SPI1_Init	8	static
../Core/Src/main.c:377:13:MX_SPI2_Init	8	static
../Core/Src/main.c:425:13:MX_TIM2_Init	40	static
../Core/Src/main.c:470:13:MX_USART1_UART_Init	8	static
../Core/Src/main.c:518:13:MX_GPIO_Init	40	static
../Core/Src/main.c:577:6:MPU_Config	24	static
../Core/Src/main.c:608:6:Error_Handler	4	static,ignoring_inline_asm
